[2026-08-13 15:29:59] SQLSTATE[42S22]: Column not found: 1054 Unknown column 'c.nombre' in 'field list'
#0 C:\xampp\htdocs\floreria_system\backend\app\repositories\VentaRepository.php(51): PDO->prepare('SELECT v.*, CON...')
#1 C:\xampp\htdocs\floreria_system\backend\app\services\VentaService.php(32): App\Repositories\VentaRepository->all()
#2 C:\xampp\htdocs\floreria_system\backend\app\controllers\VentaController.php(27): App\Services\VentaService->listarVentas()
#3 C:\xampp\htdocs\floreria_system\backend\core\Router.php(155): App\Controllers\VentaController->index(Array)
#4 C:\xampp\htdocs\floreria_system\backend\public\index.php(16): Core\Router->dispatch()
#5 {main}

[2026-08-13 15:29:59] SQLSTATE[42S22]: Column not found: 1054 Unknown column 'c.nombre' in 'field list'
#0 C:\xampp\htdocs\floreria_system\backend\app\repositories\VentaRepository.php(51): PDO->prepare('SELECT v.*, CON...')
#1 C:\xampp\htdocs\floreria_system\backend\app\services\VentaService.php(32): App\Repositories\VentaRepository->all()
#2 C:\xampp\htdocs\floreria_system\backend\app\controllers\VentaController.php(27): App\Services\VentaService->listarVentas()
#3 C:\xampp\htdocs\floreria_system\backend\core\Router.php(155): App\Controllers\VentaController->index(Array)
#4 C:\xampp\htdocs\floreria_system\backend\public\index.php(16): Core\Router->dispatch()
#5 {main}

[2026-08-13 15:30:20] SQLSTATE[42S22]: Column not found: 1054 Unknown column 'c.nombre' in 'field list'
#0 C:\xampp\htdocs\floreria_system\backend\app\repositories\VentaRepository.php(51): PDO->prepare('SELECT v.*, CON...')
#1 C:\xampp\htdocs\floreria_system\backend\app\services\VentaService.php(32): App\Repositories\VentaRepository->all()
#2 C:\xampp\htdocs\floreria_system\backend\app\controllers\VentaController.php(27): App\Services\VentaService->listarVentas()
#3 C:\xampp\htdocs\floreria_system\backend\core\Router.php(155): App\Controllers\VentaController->index(Array)
#4 C:\xampp\htdocs\floreria_system\backend\public\index.php(16): Core\Router->dispatch()
#5 {main}

[2026-08-13 15:30:20] SQLSTATE[42S22]: Column not found: 1054 Unknown column 'c.nombre' in 'field list'
#0 C:\xampp\htdocs\floreria_system\backend\app\repositories\VentaRepository.php(51): PDO->prepare('SELECT v.*, CON...')
#1 C:\xampp\htdocs\floreria_system\backend\app\services\VentaService.php(32): App\Repositories\VentaRepository->all()
#2 C:\xampp\htdocs\floreria_system\backend\app\controllers\VentaController.php(27): App\Services\VentaService->listarVentas()
#3 C:\xampp\htdocs\floreria_system\backend\core\Router.php(155): App\Controllers\VentaController->index(Array)
#4 C:\xampp\htdocs\floreria_system\backend\public\index.php(16): Core\Router->dispatch()
#5 {main}

